#0 building with "desktop-linux" instance using docker driver

#1 [internal] load build definition from Dockerfile
#1 transferring dockerfile: 1.19kB done
#1 DONE 0.0s

#2 resolve image config for docker-image://docker.io/docker/dockerfile:1
#2 ...

#3 [auth] docker/dockerfile:pull token for registry-1.docker.io
#3 DONE 0.0s

#2 resolve image config for docker-image://docker.io/docker/dockerfile:1
#2 DONE 1.3s

#4 docker-image://docker.io/docker/dockerfile:1@sha256:b6afd42430b15f2d2a4c5a02b919e98a525b785b1aaff16747d2f623364e39b6
#4 resolve docker.io/docker/dockerfile:1@sha256:b6afd42430b15f2d2a4c5a02b919e98a525b785b1aaff16747d2f623364e39b6 done
#4 CACHED

#5 [internal] load metadata for docker.io/library/python:3.13-slim
#5 ...

#6 [auth] library/python:pull token for registry-1.docker.io
#6 DONE 0.0s

#5 [internal] load metadata for docker.io/library/python:3.13-slim
#5 DONE 1.3s

#7 [internal] load .dockerignore
#7 transferring context: 2B done
#7 DONE 0.0s

#8 [internal] load build context
#8 transferring context: 2.07kB done
#8 DONE 0.0s

#9 [ 1/10] FROM docker.io/library/python:3.13-slim@sha256:51e1a0a317fdb6e170dc791bbeae63fac5272c82f43958ef74a34e170c6f8b18
#9 resolve docker.io/library/python:3.13-slim@sha256:51e1a0a317fdb6e170dc791bbeae63fac5272c82f43958ef74a34e170c6f8b18 0.0s done
#9 DONE 0.0s

#10 [ 2/10] RUN apt-get update && apt-get install -y curl && rm -rf /var/lib/apt/lists/*
#10 CACHED

#11 [ 3/10] RUN useradd --create-home --shell /usr/sbin/nologin appuser
#11 CACHED

#12 [ 5/10] RUN if ["dev" == "production"] ; then         echo "production env" ;     else echo "non production env: dev";         update-ca-certificates;     fi
#12 CACHED

#13 [ 4/10] COPY certificates/ /usr/local/share/ca-certificates/
#13 CACHED

#14 [ 6/10] WORKDIR /home/appuser/app
#14 CACHED

#15 [ 7/10] RUN python -m venv "/home/appuser/venv"
#15 CACHED

#16 [ 8/10] COPY --chown=appuser:appuser requirements.txt .
#16 DONE 0.0s

#17 [ 9/10] RUN pip install --upgrade pip     && pip install -r requirements.txt
#17 0.485 Requirement already satisfied: pip in /home/appuser/venv/lib/python3.13/site-packages (25.3)
#17 1.308 Collecting boto3==1.34.162 (from -r requirements.txt (line 1))
#17 1.426   Downloading boto3-1.34.162-py3-none-any.whl.metadata (6.6 kB)
#17 1.470 Collecting fastapi==0.115.6 (from -r requirements.txt (line 2))
#17 1.489   Downloading fastapi-0.115.6-py3-none-any.whl.metadata (27 kB)
#17 1.525 Collecting uvicorn==0.30.6 (from uvicorn[standard]==0.30.6->-r requirements.txt (line 3))
#17 1.541   Downloading uvicorn-0.30.6-py3-none-any.whl.metadata (6.6 kB)
#17 1.735 Collecting botocore<1.35.0,>=1.34.162 (from boto3==1.34.162->-r requirements.txt (line 1))
#17 1.752   Downloading botocore-1.34.162-py3-none-any.whl.metadata (5.7 kB)
#17 1.770 Collecting jmespath<2.0.0,>=0.7.1 (from boto3==1.34.162->-r requirements.txt (line 1))
#17 1.786   Downloading jmespath-1.0.1-py3-none-any.whl.metadata (7.6 kB)
#17 1.807 Collecting s3transfer<0.11.0,>=0.10.0 (from boto3==1.34.162->-r requirements.txt (line 1))
#17 1.820   Downloading s3transfer-0.10.4-py3-none-any.whl.metadata (1.7 kB)
#17 1.847 Collecting starlette<0.42.0,>=0.40.0 (from fastapi==0.115.6->-r requirements.txt (line 2))
#17 1.864   Downloading starlette-0.41.3-py3-none-any.whl.metadata (6.0 kB)
#17 1.972 Collecting pydantic!=1.8,!=1.8.1,!=2.0.0,!=2.0.1,!=2.1.0,<3.0.0,>=1.7.4 (from fastapi==0.115.6->-r requirements.txt (line 2))
#17 1.997   Downloading pydantic-2.12.5-py3-none-any.whl.metadata (90 kB)
#17 2.020 Collecting typing-extensions>=4.8.0 (from fastapi==0.115.6->-r requirements.txt (line 2))
#17 2.034   Downloading typing_extensions-4.15.0-py3-none-any.whl.metadata (3.3 kB)
#17 2.053 Collecting click>=7.0 (from uvicorn==0.30.6->uvicorn[standard]==0.30.6->-r requirements.txt (line 3))
#17 2.067   Downloading click-8.3.1-py3-none-any.whl.metadata (2.6 kB)
#17 2.084 Collecting h11>=0.8 (from uvicorn==0.30.6->uvicorn[standard]==0.30.6->-r requirements.txt (line 3))
#17 2.100   Downloading h11-0.16.0-py3-none-any.whl.metadata (8.3 kB)
#17 2.133 Collecting httptools>=0.5.0 (from uvicorn[standard]==0.30.6->-r requirements.txt (line 3))
#17 2.151   Downloading httptools-0.7.1-cp313-cp313-manylinux2014_aarch64.manylinux_2_17_aarch64.manylinux_2_28_aarch64.whl.metadata (3.5 kB)
#17 2.171 Collecting python-dotenv>=0.13 (from uvicorn[standard]==0.30.6->-r requirements.txt (line 3))
#17 2.190   Downloading python_dotenv-1.2.1-py3-none-any.whl.metadata (25 kB)
#17 2.235 Collecting pyyaml>=5.1 (from uvicorn[standard]==0.30.6->-r requirements.txt (line 3))
#17 2.248   Downloading pyyaml-6.0.3-cp313-cp313-manylinux2014_aarch64.manylinux_2_17_aarch64.manylinux_2_28_aarch64.whl.metadata (2.4 kB)
#17 2.291 Collecting uvloop!=0.15.0,!=0.15.1,>=0.14.0 (from uvicorn[standard]==0.30.6->-r requirements.txt (line 3))
#17 2.307   Downloading uvloop-0.22.1-cp313-cp313-manylinux2014_aarch64.manylinux_2_17_aarch64.manylinux_2_28_aarch64.whl.metadata (4.9 kB)
#17 2.378 Collecting watchfiles>=0.13 (from uvicorn[standard]==0.30.6->-r requirements.txt (line 3))
#17 2.393   Downloading watchfiles-1.1.1-cp313-cp313-manylinux_2_17_aarch64.manylinux2014_aarch64.whl.metadata (4.9 kB)
#17 2.471 Collecting websockets>=10.4 (from uvicorn[standard]==0.30.6->-r requirements.txt (line 3))
#17 2.490   Downloading websockets-16.0-cp313-cp313-manylinux2014_aarch64.manylinux_2_17_aarch64.manylinux_2_28_aarch64.whl.metadata (6.8 kB)
#17 2.510 Collecting python-dateutil<3.0.0,>=2.1 (from botocore<1.35.0,>=1.34.162->boto3==1.34.162->-r requirements.txt (line 1))
#17 2.525   Downloading python_dateutil-2.9.0.post0-py2.py3-none-any.whl.metadata (8.4 kB)
#17 2.552 Collecting urllib3!=2.2.0,<3,>=1.25.4 (from botocore<1.35.0,>=1.34.162->boto3==1.34.162->-r requirements.txt (line 1))
#17 2.571   Downloading urllib3-2.6.3-py3-none-any.whl.metadata (6.9 kB)
#17 2.589 Collecting annotated-types>=0.6.0 (from pydantic!=1.8,!=1.8.1,!=2.0.0,!=2.0.1,!=2.1.0,<3.0.0,>=1.7.4->fastapi==0.115.6->-r requirements.txt (line 2))
#17 2.606   Downloading annotated_types-0.7.0-py3-none-any.whl.metadata (15 kB)
#17 2.945 Collecting pydantic-core==2.41.5 (from pydantic!=1.8,!=1.8.1,!=2.0.0,!=2.0.1,!=2.1.0,<3.0.0,>=1.7.4->fastapi==0.115.6->-r requirements.txt (line 2))
#17 2.961   Downloading pydantic_core-2.41.5-cp313-cp313-manylinux_2_17_aarch64.manylinux2014_aarch64.whl.metadata (7.3 kB)
#17 2.979 Collecting typing-inspection>=0.4.2 (from pydantic!=1.8,!=1.8.1,!=2.0.0,!=2.0.1,!=2.1.0,<3.0.0,>=1.7.4->fastapi==0.115.6->-r requirements.txt (line 2))
#17 2.993   Downloading typing_inspection-0.4.2-py3-none-any.whl.metadata (2.6 kB)
#17 3.013 Collecting six>=1.5 (from python-dateutil<3.0.0,>=2.1->botocore<1.35.0,>=1.34.162->boto3==1.34.162->-r requirements.txt (line 1))
#17 3.026   Downloading six-1.17.0-py2.py3-none-any.whl.metadata (1.7 kB)
#17 3.094 Collecting anyio<5,>=3.4.0 (from starlette<0.42.0,>=0.40.0->fastapi==0.115.6->-r requirements.txt (line 2))
#17 3.108   Downloading anyio-4.12.1-py3-none-any.whl.metadata (4.3 kB)
#17 3.125 Collecting idna>=2.8 (from anyio<5,>=3.4.0->starlette<0.42.0,>=0.40.0->fastapi==0.115.6->-r requirements.txt (line 2))
#17 3.139   Downloading idna-3.11-py3-none-any.whl.metadata (8.4 kB)
#17 3.274 Downloading boto3-1.34.162-py3-none-any.whl (139 kB)
#17 3.604 Downloading fastapi-0.115.6-py3-none-any.whl (94 kB)
#17 3.739 Downloading uvicorn-0.30.6-py3-none-any.whl (62 kB)
#17 3.756 Downloading botocore-1.34.162-py3-none-any.whl (12.5 MB)
#17 4.162    ━━━━━━━━━━━━━━━━━━━━━━━━━━━━━━━━━━━━━━━━ 12.5/12.5 MB 31.5 MB/s  0:00:00
#17 4.237 Downloading jmespath-1.0.1-py3-none-any.whl (20 kB)
#17 4.854 Downloading pydantic-2.12.5-py3-none-any.whl (463 kB)
#17 4.931 Downloading pydantic_core-2.41.5-cp313-cp313-manylinux_2_17_aarch64.manylinux2014_aarch64.whl (1.9 MB)
#17 4.996    ━━━━━━━━━━━━━━━━━━━━━━━━━━━━━━━━━━━━━━━━ 1.9/1.9 MB 30.6 MB/s  0:00:00
#17 5.134 Downloading python_dateutil-2.9.0.post0-py2.py3-none-any.whl (229 kB)
#17 5.352 Downloading s3transfer-0.10.4-py3-none-any.whl (83 kB)
#17 5.551 Downloading starlette-0.41.3-py3-none-any.whl (73 kB)
#17 5.699 Downloading anyio-4.12.1-py3-none-any.whl (113 kB)
#17 5.928 Downloading urllib3-2.6.3-py3-none-any.whl (131 kB)
#17 6.008 Downloading annotated_types-0.7.0-py3-none-any.whl (13 kB)
#17 6.258 Downloading click-8.3.1-py3-none-any.whl (108 kB)
#17 6.371 Downloading h11-0.16.0-py3-none-any.whl (37 kB)
#17 6.448 Downloading httptools-0.7.1-cp313-cp313-manylinux2014_aarch64.manylinux_2_17_aarch64.manylinux_2_28_aarch64.whl (473 kB)
#17 6.610 Downloading idna-3.11-py3-none-any.whl (71 kB)
#17 6.682 Downloading python_dotenv-1.2.1-py3-none-any.whl (21 kB)
#17 6.902 Downloading pyyaml-6.0.3-cp313-cp313-manylinux2014_aarch64.manylinux_2_17_aarch64.manylinux_2_28_aarch64.whl (767 kB)
#17 6.927    ━━━━━━━━━━━━━━━━━━━━━━━━━━━━━━━━━━━━━━━━ 767.1/767.1 kB 38.8 MB/s  0:00:00
#17 6.968 Downloading six-1.17.0-py2.py3-none-any.whl (11 kB)
#17 7.055 Downloading typing_extensions-4.15.0-py3-none-any.whl (44 kB)
#17 7.112 Downloading typing_inspection-0.4.2-py3-none-any.whl (14 kB)
#17 7.126 Downloading uvloop-0.22.1-cp313-cp313-manylinux2014_aarch64.manylinux_2_17_aarch64.manylinux_2_28_aarch64.whl (4.3 MB)
#17 7.268    ━━━━━━━━━━━━━━━━━━━━━━━━━━━━━━━━━━━━━━━━ 4.3/4.3 MB 31.6 MB/s  0:00:00
#17 7.359 Downloading watchfiles-1.1.1-cp313-cp313-manylinux_2_17_aarch64.manylinux2014_aarch64.whl (449 kB)
#17 7.630 Downloading websockets-16.0-cp313-cp313-manylinux2014_aarch64.manylinux_2_17_aarch64.manylinux_2_28_aarch64.whl (186 kB)
#17 7.733 Installing collected packages: websockets, uvloop, urllib3, typing-extensions, six, pyyaml, python-dotenv, jmespath, idna, httptools, h11, click, annotated-types, uvicorn, typing-inspection, python-dateutil, pydantic-core, anyio, watchfiles, starlette, pydantic, botocore, s3transfer, fastapi, boto3
#17 8.376 
#17 8.377 Successfully installed annotated-types-0.7.0 anyio-4.12.1 boto3-1.34.162 botocore-1.34.162 click-8.3.1 fastapi-0.115.6 h11-0.16.0 httptools-0.7.1 idna-3.11 jmespath-1.0.1 pydantic-2.12.5 pydantic-core-2.41.5 python-dateutil-2.9.0.post0 python-dotenv-1.2.1 pyyaml-6.0.3 s3transfer-0.10.4 six-1.17.0 starlette-0.41.3 typing-extensions-4.15.0 typing-inspection-0.4.2 urllib3-2.6.3 uvicorn-0.30.6 uvloop-0.22.1 watchfiles-1.1.1 websockets-16.0
#17 DONE 8.6s

#18 [10/10] COPY --chown=appuser:appuser src/main.py .
#18 DONE 0.0s

#19 exporting to image
#19 exporting layers
#19 exporting layers 0.9s done
#19 exporting manifest sha256:fa0cea758678129bfb19447ed18fe9615d7af1cbcf84d066fee9cd25a7ac2ed4
#19 exporting manifest sha256:fa0cea758678129bfb19447ed18fe9615d7af1cbcf84d066fee9cd25a7ac2ed4 done
#19 exporting config sha256:41133445afdb38dcd9b3d378dbe1e9ed4c8b8ce260976c77785522d6458e1532 done
#19 exporting attestation manifest sha256:69e03e2b4c2b41df7f5a748ba0be1bd5784296e079ac7b31f555ad3aa8072958 done
#19 exporting manifest list sha256:5e1e80805fedffdb97cddd3a29b0e7ba926db5d49730157b0be4e7e22500fd70 done
#19 naming to docker.io/ciaa/callee:latest done
#19 unpacking to docker.io/ciaa/callee:latest
#19 unpacking to docker.io/ciaa/callee:latest 0.2s done
#19 DONE 1.2s

View build details: docker-desktop://dashboard/build/desktop-linux/desktop-linux/q0uvfc4skgjdgu9iyavfqqotf
