#0 building with "desktop-linux" instance using docker driver

#1 [internal] load build definition from Dockerfile
#1 transferring dockerfile: 1.14kB done
#1 DONE 0.0s

#2 resolve image config for docker-image://docker.io/docker/dockerfile:1
#2 DONE 0.5s

#3 docker-image://docker.io/docker/dockerfile:1@sha256:b6afd42430b15f2d2a4c5a02b919e98a525b785b1aaff16747d2f623364e39b6
#3 resolve docker.io/docker/dockerfile:1@sha256:b6afd42430b15f2d2a4c5a02b919e98a525b785b1aaff16747d2f623364e39b6 done
#3 CACHED

#4 [internal] load metadata for docker.io/library/python:3.13-slim
#4 DONE 0.3s

#5 [internal] load .dockerignore
#5 transferring context: 2B done
#5 DONE 0.0s

#6 [internal] load build context
#6 transferring context: 2.04kB done
#6 DONE 0.0s

#7 [ 1/10] FROM docker.io/library/python:3.13-slim@sha256:51e1a0a317fdb6e170dc791bbeae63fac5272c82f43958ef74a34e170c6f8b18
#7 resolve docker.io/library/python:3.13-slim@sha256:51e1a0a317fdb6e170dc791bbeae63fac5272c82f43958ef74a34e170c6f8b18 0.0s done
#7 DONE 0.0s

#8 [ 8/10] COPY --chown=appuser:appuser requirements.txt .
#8 CACHED

#9 [ 5/10] RUN if ["dev" == "production"] ; then         echo "production env" ;     else echo "non production env: dev";         update-ca-certificates;     fi
#9 CACHED

#10 [ 4/10] COPY certificates/ /usr/local/share/ca-certificates/
#10 CACHED

#11 [ 6/10] WORKDIR /home/appuser/app
#11 CACHED

#12 [ 2/10] RUN apt-get update && apt-get install -y curl && rm -rf /var/lib/apt/lists/*
#12 CACHED

#13 [ 3/10] RUN useradd --create-home --shell /usr/sbin/nologin appuser
#13 CACHED

#14 [ 7/10] RUN python -m venv "/home/appuser/venv"
#14 CACHED

#15 [ 9/10] RUN pip install --upgrade pip     && pip install -r requirements.txt
#15 CACHED

#16 [10/10] COPY --chown=appuser:appuser src/main.py .
#16 DONE 0.0s

#17 exporting to image
#17 exporting layers 0.0s done
#17 exporting manifest sha256:63eaad6977c02ac2b8468cb30ec4ac7f14dff41cc6eb21132cf15f252c77b3a8 done
#17 exporting config sha256:4e92e0946d07bdc9f30924b71231c88d400dcc79c43283e96d37d06e4f21bba8 done
#17 exporting attestation manifest sha256:e878efeb6c0e9d3fd0e190e22e6a716d7fe36c3244338f016507a8d954a36f30 done
#17 exporting manifest list sha256:88f26095ad2efde16ea41ce92c676db17408b58eb92a700b4743802c0993855c done
#17 naming to docker.io/ciaa/caller:latest done
#17 unpacking to docker.io/ciaa/caller:latest done
#17 DONE 0.0s

View build details: docker-desktop://dashboard/build/desktop-linux/desktop-linux/o4rfalfwfeg01ugvwkg69nz5o
